[2026-08-02 23:47:22] checking 2 game(s)
[2026-08-02 23:47:44] priced buyable tier (34 shops)
[2026-08-02 23:47:44] Tomodachi Life: Living the Dream -> 45.92 EUR in NZ (NEW LOW)
[2026-08-02 23:47:44] Donkey Kong Country Returns HD -> 45.92 EUR in NZ (NEW LOW)
[2026-08-02 23:47:44] no new lows - staying quiet
[2026-08-02 23:48:36] checking 2 game(s)
[2026-08-02 23:48:58] priced buyable tier (34 shops)
[2026-08-02 23:49:02] priced info tier (8 shops)
[2026-08-02 23:49:02] Tomodachi Life: Living the Dream -> 45.92 EUR in NZ (NEW LOW)
[2026-08-02 23:49:02] Donkey Kong Country Returns HD -> 45.92 EUR in NZ (NEW LOW)
[2026-08-02 23:49:02] no new lows - staying quiet
[2026-08-02 23:49:53] e-mail sent to p.vanvoorst@me.com
[2026-08-03 00:21:08] checking 3 game(s)
[2026-08-03 00:21:28] priced buyable tier (34 shops)
[2026-08-03 00:21:33] priced info tier (8 shops)
[2026-08-03 00:21:33] Tomodachi Life: Living the Dream -> 45.92 EUR in NZ
[2026-08-03 00:21:33] Donkey Kong Country Returns HD -> 45.92 EUR in NZ
[2026-08-03 00:21:33] Minecraft -> 13.08 EUR in ZA (NEW LOW)
[2026-08-03 00:21:33] no new lows - staying quiet
[2026-08-03 00:21:55] checking 2 game(s)
[2026-08-03 00:22:15] priced buyable tier (34 shops)
[2026-08-03 00:22:20] priced info tier (8 shops)
[2026-08-03 00:22:20] Donkey Kong Country Returns HD -> 45.92 EUR in NZ
[2026-08-03 00:22:20] Minecraft -> 13.08 EUR in ZA
[2026-08-03 00:22:20] no new lows - staying quiet
[2026-08-03 00:30:48] checking 2 game(s)
[2026-08-03 00:31:08] priced paypal tier (33 shops)
[2026-08-03 00:31:10] priced paypal_new tier (3 shops)
[2026-08-03 00:31:10] Donkey Kong Country Returns HD -> 45.92 EUR in NZ
[2026-08-03 00:31:10] Minecraft -> 13.08 EUR in ZA
[2026-08-03 00:31:10] no new lows - staying quiet
[2026-08-03 00:34:33] checking 2 game(s)
[2026-08-03 00:34:51] priced paypal tier (32 shops)
[2026-08-03 00:34:53] priced paypal_new tier (3 shops)
[2026-08-03 00:34:53] Donkey Kong Country Returns HD -> 45.92 EUR in NZ
[2026-08-03 00:34:53] Minecraft -> 20.39 EUR in NZ (NEW LOW)
[2026-08-03 00:34:53] no new lows - staying quiet
[2026-08-03 01:10:16] checking 2 game(s)
[2026-08-03 01:10:35] priced paypal (32 shops: NL BE DE FR ES IT PT AT IE FI GR LU SK SI EE LV LT MT CY HR BG RO HU PL CZ SE DK NO GB CH AU NZ)
[2026-08-03 01:10:37] priced paypal_new (3 shops: US CA MX)
[2026-08-03 01:10:39] priced giftcard (3 shops: ZA IL RU)
[2026-08-03 01:10:42] priced giftcard (5 shops: AR BR CL CO PE)
[2026-08-03 01:10:42] priced giftcard (1 shops: JP)
[2026-08-03 01:10:42] Donkey Kong Country Returns HD -> 45.92 EUR in NZ
[2026-08-03 01:10:42] Minecraft -> 20.39 EUR in NZ
[2026-08-03 01:10:42] no new lows - staying quiet
[2026-08-03 01:12:23] checking 2 game(s)
[2026-08-03 01:12:41] priced paypal (32 shops: NL BE DE FR ES IT PT AT IE FI GR LU SK SI EE LV LT MT CY HR BG RO HU PL CZ SE DK NO GB CH AU NZ)
[2026-08-03 01:12:43] priced paypal_new (3 shops: US CA MX)
[2026-08-03 01:12:45] priced giftcard (3 shops: ZA IL RU)
[2026-08-03 01:12:47] priced giftcard (5 shops: AR BR CL CO PE)
[2026-08-03 01:12:48] priced giftcard (1 shops: JP)
[2026-08-03 01:12:48] Donkey Kong Country Returns HD -> 45.92 EUR in NZ
[2026-08-03 01:12:48] Minecraft -> 20.39 EUR in NZ
[2026-08-03 01:12:48] no new lows - staying quiet
[2026-08-03 01:31:38] checking 2 game(s)
[2026-08-03 01:31:57] priced paypal (32 shops: NL BE DE FR ES IT PT AT IE FI GR LU SK SI EE LV LT MT CY HR BG RO HU PL CZ SE DK NO GB CH AU NZ)
[2026-08-03 01:31:59] priced paypal_new (3 shops: US CA MX)
[2026-08-03 01:32:00] priced giftcard (3 shops: ZA IL RU)
[2026-08-03 01:32:03] priced giftcard (5 shops: AR BR CL CO PE)
[2026-08-03 01:32:04] priced giftcard (1 shops: JP)
[2026-08-03 01:32:04] Donkey Kong Country Returns HD -> 45.92 EUR in NZ
[2026-08-03 01:32:04] Minecraft -> 20.39 EUR in NZ
[2026-08-03 01:32:04] no new lows - staying quiet
[2026-08-03 01:36:21] checking 2 game(s)
[2026-08-03 01:36:40] priced paypal (32 shops: NL BE DE FR ES IT PT AT IE FI GR LU SK SI EE LV LT MT CY HR BG RO HU PL CZ SE DK NO GB CH AU NZ)
[2026-08-03 01:36:42] priced paypal_new (3 shops: US CA MX)
[2026-08-03 01:36:43] priced giftcard (3 shops: ZA IL RU)
[2026-08-03 01:36:46] priced giftcard (5 shops: AR BR CL CO PE)
[2026-08-03 01:36:47] priced giftcard (1 shops: JP)
[2026-08-03 01:36:47] Donkey Kong Country Returns HD -> 45.92 EUR in NZ
[2026-08-03 01:36:47] Minecraft -> 20.39 EUR in NZ
[2026-08-03 01:36:47] no new lows - staying quiet
[2026-08-03 01:38:55] checking 2 game(s)
[2026-08-03 01:39:14] priced paypal (32 shops: NL BE DE FR ES IT PT AT IE FI GR LU SK SI EE LV LT MT CY HR BG RO HU PL CZ SE DK NO GB CH AU NZ)
[2026-08-03 01:39:16] priced paypal_new (3 shops: US CA MX)
[2026-08-03 01:39:17] priced giftcard (3 shops: ZA IL RU)
[2026-08-03 01:39:20] priced giftcard (5 shops: AR BR CL CO PE)
[2026-08-03 01:39:21] priced giftcard (1 shops: JP)
[2026-08-03 01:39:21] Donkey Kong Country Returns HD -> 45.92 EUR in NZ
[2026-08-03 01:39:21] Minecraft -> 20.39 EUR in NZ
[2026-08-03 01:39:21] no new lows - staying quiet
[2026-08-03 10:41:15] checking 2 game(s)
[2026-08-03 10:41:34] priced paypal (32 shops: NL BE DE FR ES IT PT AT IE FI GR LU SK SI EE LV LT MT CY HR BG RO HU PL CZ SE DK NO GB CH AU NZ)
[2026-08-03 10:41:35] priced paypal_new (3 shops: US CA MX)
[2026-08-03 10:41:37] priced giftcard (3 shops: ZA IL RU)
[2026-08-03 10:41:40] priced giftcard (5 shops: AR BR CL CO PE)
[2026-08-03 10:41:40] priced giftcard (1 shops: JP)
[2026-08-03 10:41:40] Donkey Kong Country Returns HD -> 45.92 EUR in NZ
[2026-08-03 10:41:40] Minecraft -> 20.39 EUR in NZ
[2026-08-03 10:41:40] no new lows - staying quiet
[2026-08-04 23:53:31] checking 2 game(s)
[2026-08-04 23:53:51] priced paypal (32 shops: NL BE DE FR ES IT PT AT IE FI GR LU SK SI EE LV LT MT CY HR BG RO HU PL CZ SE DK NO GB CH AU NZ)
[2026-08-04 23:53:53] priced paypal_new (3 shops: US CA MX)
[2026-08-04 23:53:55] priced giftcard (3 shops: ZA IL RU)
[2026-08-04 23:53:58] priced giftcard (5 shops: AR BR CL CO PE)
[2026-08-04 23:53:58] priced giftcard (1 shops: JP)
[2026-08-04 23:53:58] Donkey Kong Country Returns HD -> 45.97 EUR in NZ
[2026-08-04 23:53:58] Minecraft -> 20.42 EUR in NZ
[2026-08-04 23:53:58] no new lows - staying quiet
[2026-08-05 18:36:01] checking 2 game(s)
[2026-08-05 18:36:51] priced paypal (32 shops: NL BE DE FR ES IT PT AT IE FI GR LU SK SI EE LV LT MT CY HR BG RO HU PL CZ SE DK NO GB CH AU NZ)
[2026-08-05 18:36:55] priced paypal_new (3 shops: US CA MX)
[2026-08-05 18:36:58] priced giftcard (3 shops: ZA IL RU)
[2026-08-05 18:37:04] priced giftcard (5 shops: AR BR CL CO PE)
[2026-08-05 18:37:06] priced giftcard (1 shops: JP)
[2026-08-05 18:37:06] Donkey Kong Country Returns HD -> 45.97 EUR in NZ
[2026-08-05 18:37:06] Minecraft -> 20.42 EUR in NZ
[2026-08-05 18:37:06] no new lows - staying quiet
[2026-08-06 10:11:57] checking 2 game(s)
[2026-08-06 10:12:43] priced paypal (32 shops: NL BE DE FR ES IT PT AT IE FI GR LU SK SI EE LV LT MT CY HR BG RO HU PL CZ SE DK NO GB CH AU NZ)
[2026-08-06 10:12:47] priced paypal_new (3 shops: US CA MX)
[2026-08-06 10:12:51] priced giftcard (3 shops: ZA IL RU)
[2026-08-06 10:12:57] priced giftcard (5 shops: AR BR CL CO PE)
[2026-08-06 10:12:59] priced giftcard (1 shops: JP)
[2026-08-06 10:12:59] Donkey Kong Country Returns HD -> 45.71 EUR in NZ (NEW LOW)
[2026-08-06 10:12:59] Minecraft -> 20.30 EUR in NZ (NEW LOW)
[2026-08-06 10:13:04] e-mail sent to p.vanvoorst@me.com
[2026-08-06 16:12:02] checking 2 game(s)
[2026-08-06 16:12:21] priced paypal (32 shops: NL BE DE FR ES IT PT AT IE FI GR LU SK SI EE LV LT MT CY HR BG RO HU PL CZ SE DK NO GB CH AU NZ)
[2026-08-06 16:12:23] priced paypal_new (3 shops: US CA MX)
[2026-08-06 16:12:24] priced giftcard (3 shops: ZA IL RU)
[2026-08-06 16:12:27] priced giftcard (5 shops: AR BR CL CO PE)
[2026-08-06 16:12:28] priced giftcard (1 shops: JP)
[2026-08-06 16:12:28] Donkey Kong Country Returns HD -> 45.71 EUR in NZ
[2026-08-06 16:12:28] Minecraft -> 20.30 EUR in NZ
[2026-08-06 16:12:28] no new lows - staying quiet
[2026-08-07 22:59:52] checking 2 game(s)
[2026-08-07 23:00:44] priced paypal (32 shops: NL BE DE FR ES IT PT AT IE FI GR LU SK SI EE LV LT MT CY HR BG RO HU PL CZ SE DK NO GB CH AU NZ)
[2026-08-07 23:00:48] priced paypal_new (3 shops: US CA MX)
[2026-08-07 23:00:52] priced giftcard (3 shops: ZA IL RU)
[2026-08-07 23:00:59] priced giftcard (5 shops: AR BR CL CO PE)
[2026-08-07 23:01:00] priced giftcard (1 shops: JP)
[2026-08-07 23:01:00] Donkey Kong Country Returns HD -> 45.79 EUR in NZ
[2026-08-07 23:01:00] Minecraft -> 20.33 EUR in NZ
[2026-08-07 23:01:00] no new lows - staying quiet
[2026-08-08 10:12:19] checking 2 game(s)
[2026-08-08 10:12:37] priced paypal (32 shops: NL BE DE FR ES IT PT AT IE FI GR LU SK SI EE LV LT MT CY HR BG RO HU PL CZ SE DK NO GB CH AU NZ)
[2026-08-08 10:12:39] priced paypal_new (3 shops: US CA MX)
[2026-08-08 10:12:41] priced giftcard (3 shops: ZA IL RU)
[2026-08-08 10:12:44] priced giftcard (5 shops: AR BR CL CO PE)
[2026-08-08 10:12:44] priced giftcard (1 shops: JP)
[2026-08-08 10:12:44] Donkey Kong Country Returns HD -> 45.79 EUR in NZ
[2026-08-08 10:12:44] Minecraft -> 20.33 EUR in NZ
[2026-08-08 10:12:44] no new lows - staying quiet
[2026-08-09 10:12:20] checking 2 game(s)
[2026-08-09 10:12:39] priced paypal (32 shops: NL BE DE FR ES IT PT AT IE FI GR LU SK SI EE LV LT MT CY HR BG RO HU PL CZ SE DK NO GB CH AU NZ)
[2026-08-09 10:12:40] priced paypal_new (3 shops: US CA MX)
[2026-08-09 10:12:42] priced giftcard (3 shops: ZA IL RU)
[2026-08-09 10:12:45] priced giftcard (5 shops: AR BR CL CO PE)
[2026-08-09 10:12:45] priced giftcard (1 shops: JP)
[2026-08-09 10:12:45] Donkey Kong Country Returns HD -> 45.79 EUR in NZ
[2026-08-09 10:12:45] Minecraft -> 20.33 EUR in NZ
[2026-08-09 10:12:45] no new lows - staying quiet
[2026-08-10 15:33:02] checking 2 game(s)
[2026-08-10 15:33:25] priced paypal (32 shops: NL BE DE FR ES IT PT AT IE FI GR LU SK SI EE LV LT MT CY HR BG RO HU PL CZ SE DK NO GB CH AU NZ)
[2026-08-10 15:33:27] priced paypal_new (3 shops: US CA MX)
[2026-08-10 15:33:29] priced giftcard (3 shops: ZA IL RU)
[2026-08-10 15:33:33] priced giftcard (5 shops: AR BR CL CO PE)
[2026-08-10 15:33:33] priced giftcard (1 shops: JP)
[2026-08-10 15:33:33] Donkey Kong Country Returns HD -> 45.79 EUR in NZ
[2026-08-10 15:33:33] Minecraft -> 20.33 EUR in NZ
[2026-08-10 15:33:33] no new lows - staying quiet
[2026-08-11 17:52:18] checking 2 game(s)
[2026-08-11 17:52:37] priced paypal (32 shops: NL BE DE FR ES IT PT AT IE FI GR LU SK SI EE LV LT MT CY HR BG RO HU PL CZ SE DK NO GB CH AU NZ)
[2026-08-11 17:52:39] priced paypal_new (3 shops: US CA MX)
[2026-08-11 17:52:41] priced giftcard (3 shops: ZA IL RU)
[2026-08-11 17:52:44] priced giftcard (5 shops: AR BR CL CO PE)
[2026-08-11 17:52:44] priced giftcard (1 shops: JP)
[2026-08-11 17:52:44] Donkey Kong Country Returns HD -> 45.86 EUR in NZ
[2026-08-11 17:52:44] Minecraft -> 20.37 EUR in NZ
[2026-08-11 17:52:44] no new lows - staying quiet
[2026-08-12 21:49:41] checking 2 game(s)
[2026-08-12 21:50:01] priced paypal (32 shops: NL BE DE FR ES IT PT AT IE FI GR LU SK SI EE LV LT MT CY HR BG RO HU PL CZ SE DK NO GB CH AU NZ)
[2026-08-12 21:50:03] priced paypal_new (3 shops: US CA MX)
[2026-08-12 21:50:05] priced giftcard (3 shops: ZA IL RU)
[2026-08-12 21:50:08] priced giftcard (5 shops: AR BR CL CO PE)
[2026-08-12 21:50:08] priced giftcard (1 shops: JP)
[2026-08-12 21:50:08] Donkey Kong Country Returns HD -> 45.83 EUR in NZ
[2026-08-12 21:50:08] Minecraft -> 20.36 EUR in NZ
[2026-08-12 21:50:08] no new lows - staying quiet
[2026-08-15 17:35:54] checking 2 game(s)
[2026-08-15 17:36:15] priced paypal (32 shops: NL BE DE FR ES IT PT AT IE FI GR LU SK SI EE LV LT MT CY HR BG RO HU PL CZ SE DK NO GB CH AU NZ)
[2026-08-15 17:36:17] priced paypal_new (3 shops: US CA MX)
[2026-08-15 17:36:19] priced giftcard (3 shops: ZA IL RU)
[2026-08-15 17:36:22] priced giftcard (5 shops: AR BR CL CO PE)
[2026-08-15 17:36:23] priced giftcard (1 shops: JP)
[2026-08-15 17:36:23] Donkey Kong Country Returns HD -> 45.79 EUR in NZ
[2026-08-15 17:36:23] Minecraft -> 20.34 EUR in NZ
[2026-08-15 17:36:23] no new lows - staying quiet
[2026-08-16 10:12:06] checking 2 game(s)
[2026-08-16 10:12:25] priced paypal (32 shops: NL BE DE FR ES IT PT AT IE FI GR LU SK SI EE LV LT MT CY HR BG RO HU PL CZ SE DK NO GB CH AU NZ)
[2026-08-16 10:12:27] priced paypal_new (3 shops: US CA MX)
[2026-08-16 10:12:29] priced giftcard (3 shops: ZA IL RU)
[2026-08-16 10:12:32] priced giftcard (5 shops: AR BR CL CO PE)
[2026-08-16 10:12:32] priced giftcard (1 shops: JP)
[2026-08-16 10:12:32] Donkey Kong Country Returns HD -> 45.79 EUR in NZ
[2026-08-16 10:12:32] Minecraft -> 20.34 EUR in NZ
[2026-08-16 10:12:32] no new lows - staying quiet
[2026-08-16 16:12:01] checking 2 game(s)
[2026-08-16 16:12:20] priced paypal (32 shops: NL BE DE FR ES IT PT AT IE FI GR LU SK SI EE LV LT MT CY HR BG RO HU PL CZ SE DK NO GB CH AU NZ)
[2026-08-16 16:12:22] priced paypal_new (3 shops: US CA MX)
[2026-08-16 16:12:23] priced giftcard (3 shops: ZA IL RU)
[2026-08-16 16:12:26] priced giftcard (5 shops: AR BR CL CO PE)
[2026-08-16 16:12:27] priced giftcard (1 shops: JP)
[2026-08-16 16:12:27] Donkey Kong Country Returns HD -> 45.79 EUR in NZ
[2026-08-16 16:12:27] Minecraft -> 20.34 EUR in NZ
[2026-08-16 16:12:27] no new lows - staying quiet
[2026-08-17 20:22:52] checking 2 game(s)
[2026-08-17 20:23:12] priced paypal (32 shops: NL BE DE FR ES IT PT AT IE FI GR LU SK SI EE LV LT MT CY HR BG RO HU PL CZ SE DK NO GB CH AU NZ)
[2026-08-17 20:23:13] priced paypal_new (3 shops: US CA MX)
[2026-08-17 20:23:15] priced giftcard (3 shops: ZA IL RU)
[2026-08-17 20:23:18] priced giftcard (5 shops: AR BR CL CO PE)
[2026-08-17 20:23:19] priced giftcard (1 shops: JP)
[2026-08-17 20:23:19] Donkey Kong Country Returns HD -> 45.79 EUR in NZ
[2026-08-17 20:23:19] Minecraft -> 20.34 EUR in NZ
[2026-08-17 20:23:19] no new lows - staying quiet
[2026-08-17 20:29:53] checking 2 game(s)
[2026-08-17 20:35:24] priced paypal (32 shops: NL BE DE FR ES IT PT AT IE FI GR LU SK SI EE LV LT MT CY HR BG RO HU PL CZ SE DK NO GB CH AU NZ)
[2026-08-17 20:35:58] priced paypal_new (3 shops: US CA MX)
[2026-08-17 20:36:29] priced giftcard (3 shops: ZA IL RU)
[2026-08-17 20:37:26] priced giftcard (5 shops: AR BR CL CO PE)
[2026-08-17 20:37:38] priced giftcard (1 shops: JP)
[2026-08-17 20:37:38] no price found for Donkey Kong Country Returns HD
[2026-08-17 20:37:38] no price found for Minecraft
[2026-08-17 20:37:38] no new lows - staying quiet
[2026-08-18 02:07:39] checking 2 game(s)
[2026-08-18 02:07:59] ERROR: could not load exchange rates
[2026-08-18 08:04:14] checking 2 game(s)
[2026-08-18 08:04:35] ERROR: could not load exchange rates
[2026-08-19 02:02:12] checking 2 game(s)
[2026-08-19 02:02:32] ERROR: could not load exchange rates
[2026-08-19 08:04:35] checking 2 game(s)
[2026-08-19 08:04:50] ERROR: could not load exchange rates
[2026-08-20 08:03:28] checking 2 game(s)
[2026-08-20 08:03:48] ERROR: could not load exchange rates
[2026-08-21 02:02:43] checking 2 game(s)
[2026-08-21 02:03:03] ERROR: could not load exchange rates
[2026-08-21 08:04:36] checking 2 game(s)
[2026-08-21 08:04:56] ERROR: could not load exchange rates
[2026-08-22 02:02:17] checking 2 game(s)
[2026-08-22 02:02:37] ERROR: could not load exchange rates
[2026-08-22 08:02:47] checking 2 game(s)
[2026-08-22 08:03:07] ERROR: could not load exchange rates
[2026-08-23 02:02:15] checking 2 game(s)
[2026-08-23 02:02:34] ERROR: could not load exchange rates
[2026-08-23 08:02:25] checking 2 game(s)
[2026-08-23 08:02:45] ERROR: could not load exchange rates
[2026-08-24 02:03:07] checking 2 game(s)
[2026-08-24 02:03:27] ERROR: could not load exchange rates
[2026-08-24 08:03:54] checking 2 game(s)
[2026-08-24 08:04:14] ERROR: could not load exchange rates
[2026-08-25 02:02:27] checking 2 game(s)
[2026-08-25 02:02:47] ERROR: could not load exchange rates
[2026-08-25 08:03:28] checking 2 game(s)
[2026-08-25 08:03:47] ERROR: could not load exchange rates
[2026-08-29 02:02:55] checking 2 game(s)
[2026-08-29 02:03:12] priced paypal (32 shops: NL BE DE FR ES IT PT AT IE FI GR LU SK SI EE LV LT MT CY HR BG RO HU PL CZ SE DK NO GB CH AU NZ)
[2026-08-29 02:03:13] priced paypal_new (3 shops: US CA MX)
[2026-08-29 02:03:14] priced giftcard (3 shops: ZA IL RU)
[2026-08-29 02:03:17] priced giftcard (5 shops: AR BR CL CO PE)
[2026-08-29 02:03:17] priced giftcard (1 shops: JP)
[2026-08-29 02:03:17] Donkey Kong Country Returns HD -> 45.93 EUR in NZ
[2026-08-29 02:03:17] Minecraft -> 20.40 EUR in NZ
[2026-08-29 02:03:17] no new lows - staying quiet
[2026-08-30 02:03:21] checking 2 game(s)
[2026-08-30 02:03:37] priced paypal (32 shops: NL BE DE FR ES IT PT AT IE FI GR LU SK SI EE LV LT MT CY HR BG RO HU PL CZ SE DK NO GB CH AU NZ)
[2026-08-30 02:03:39] priced paypal_new (3 shops: US CA MX)
[2026-08-30 02:03:40] priced giftcard (3 shops: ZA IL RU)
[2026-08-30 02:03:42] priced giftcard (5 shops: AR BR CL CO PE)
[2026-08-30 02:03:43] priced giftcard (1 shops: JP)
[2026-08-30 02:03:43] Donkey Kong Country Returns HD -> 45.93 EUR in NZ
[2026-08-30 02:03:43] Minecraft -> 20.40 EUR in NZ
[2026-08-30 02:03:43] no new lows - staying quiet
[2026-08-30 08:03:57] checking 2 game(s)
[2026-08-30 08:04:13] priced paypal (32 shops: NL BE DE FR ES IT PT AT IE FI GR LU SK SI EE LV LT MT CY HR BG RO HU PL CZ SE DK NO GB CH AU NZ)
[2026-08-30 08:04:14] priced paypal_new (3 shops: US CA MX)
[2026-08-30 08:04:15] priced giftcard (3 shops: ZA IL RU)
[2026-08-30 08:04:18] priced giftcard (5 shops: AR BR CL CO PE)
[2026-08-30 08:04:18] priced giftcard (1 shops: JP)
[2026-08-30 08:04:18] Donkey Kong Country Returns HD -> 45.93 EUR in NZ
[2026-08-30 08:04:18] Minecraft -> 20.40 EUR in NZ
[2026-08-30 08:04:18] no new lows - staying quiet
[2026-08-31 02:03:01] checking 2 game(s)
[2026-08-31 02:03:16] priced paypal (32 shops: NL BE DE FR ES IT PT AT IE FI GR LU SK SI EE LV LT MT CY HR BG RO HU PL CZ SE DK NO GB CH AU NZ)
[2026-08-31 02:03:18] priced paypal_new (3 shops: US CA MX)
[2026-08-31 02:03:19] priced giftcard (3 shops: ZA IL RU)
[2026-08-31 02:03:21] priced giftcard (5 shops: AR BR CL CO PE)
[2026-08-31 02:03:21] priced giftcard (1 shops: JP)
[2026-08-31 02:03:21] Donkey Kong Country Returns HD -> 45.93 EUR in NZ
[2026-08-31 02:03:21] Minecraft -> 20.40 EUR in NZ
[2026-08-31 02:03:21] no new lows - staying quiet
[2026-08-31 07:20:33] checking 3 game(s)
[2026-08-31 07:20:50] priced paypal (32 shops: NL BE DE FR ES IT PT AT IE FI GR LU SK SI EE LV LT MT CY HR BG RO HU PL CZ SE DK NO GB CH AU NZ)
[2026-08-31 07:20:51] priced paypal_new (3 shops: US CA MX)
[2026-08-31 07:20:53] priced giftcard (3 shops: ZA IL RU)
[2026-08-31 07:20:55] priced giftcard (5 shops: AR BR CL CO PE)
[2026-08-31 07:20:55] priced giftcard (1 shops: JP)
[2026-08-31 07:20:55] Donkey Kong Country Returns HD -> 45.93 EUR in NZ
[2026-08-31 07:20:55] Minecraft -> 20.40 EUR in NZ
[2026-08-31 07:20:55] Animal Crossing: New Horizons -> 45.93 EUR in NZ (NEW LOW)
[2026-08-31 07:20:55] no new lows - staying quiet
[2026-08-31 08:26:07] checking 3 game(s)
[2026-08-31 08:26:23] priced paypal (32 shops: NL BE DE FR ES IT PT AT IE FI GR LU SK SI EE LV LT MT CY HR BG RO HU PL CZ SE DK NO GB CH AU NZ)
[2026-08-31 08:26:24] priced paypal_new (3 shops: US CA MX)
[2026-08-31 08:26:26] priced giftcard (3 shops: ZA IL RU)
[2026-08-31 08:26:28] priced giftcard (5 shops: AR BR CL CO PE)
[2026-08-31 08:26:28] priced giftcard (1 shops: JP)
[2026-08-31 08:26:28] Donkey Kong Country Returns HD -> 45.93 EUR in NZ
[2026-08-31 08:26:28] Minecraft -> 20.40 EUR in NZ
[2026-08-31 08:26:28] Animal Crossing: New Horizons -> 45.93 EUR in NZ
[2026-08-31 08:26:28] no new lows - staying quiet
[2026-08-31 08:36:57] checking 3 game(s)
[2026-08-31 08:37:14] priced paypal (32 shops: NL BE DE FR ES IT PT AT IE FI GR LU SK SI EE LV LT MT CY HR BG RO HU PL CZ SE DK NO GB CH AU NZ)
[2026-08-31 08:37:15] priced paypal_new (3 shops: US CA MX)
[2026-08-31 08:37:16] priced giftcard (3 shops: ZA IL RU)
[2026-08-31 08:37:18] priced giftcard (5 shops: AR BR CL CO PE)
[2026-08-31 08:37:19] priced giftcard (1 shops: JP)
[2026-08-31 08:37:19] Donkey Kong Country Returns HD -> 45.93 EUR in NZ
[2026-08-31 08:37:19] Minecraft -> 20.40 EUR in NZ
[2026-08-31 08:37:19] Animal Crossing: New Horizons -> 45.93 EUR in NZ
[2026-08-31 08:37:19] no new lows - staying quiet
[2026-09-01 02:03:22] checking 3 game(s)
[2026-09-01 02:03:38] priced paypal (32 shops: NL BE DE FR ES IT PT AT IE FI GR LU SK SI EE LV LT MT CY HR BG RO HU PL CZ SE DK NO GB CH AU NZ)
[2026-09-01 02:03:39] priced paypal_new (3 shops: US CA MX)
[2026-09-01 02:03:40] priced giftcard (3 shops: ZA IL RU)
[2026-09-01 02:03:43] priced giftcard (5 shops: AR BR CL CO PE)
[2026-09-01 02:03:43] priced giftcard (1 shops: JP)
[2026-09-01 02:03:43] Donkey Kong Country Returns HD -> 45.90 EUR in NZ
[2026-09-01 02:03:43] Minecraft -> 20.38 EUR in NZ
[2026-09-01 02:03:43] Animal Crossing: New Horizons -> 45.90 EUR in NZ (NEW LOW)
[2026-09-01 02:03:43] ERROR: [Errno 2] No such file or directory: 'osascript'
[2026-09-02 08:03:13] checking 3 game(s)
[2026-09-02 08:03:29] priced paypal (32 shops: NL BE DE FR ES IT PT AT IE FI GR LU SK SI EE LV LT MT CY HR BG RO HU PL CZ SE DK NO GB CH AU NZ)
[2026-09-02 08:03:31] priced paypal_new (3 shops: US CA MX)
[2026-09-02 08:03:32] priced giftcard (3 shops: ZA IL RU)
[2026-09-02 08:03:34] priced giftcard (5 shops: AR BR CL CO PE)
[2026-09-02 08:03:34] priced giftcard (1 shops: JP)
[2026-09-02 08:03:34] Donkey Kong Country Returns HD -> 45.72 EUR in NZ
[2026-09-02 08:03:34] Minecraft -> 20.31 EUR in NZ
[2026-09-02 08:03:34] Animal Crossing: New Horizons -> 45.72 EUR in NZ (NEW LOW)
[2026-09-02 08:03:34] ERROR: [Errno 2] No such file or directory: 'osascript'
[2026-09-02 08:04:01] checking 3 game(s)
[2026-09-02 08:04:16] priced paypal (32 shops: NL BE DE FR ES IT PT AT IE FI GR LU SK SI EE LV LT MT CY HR BG RO HU PL CZ SE DK NO GB CH AU NZ)
[2026-09-02 08:04:18] priced paypal_new (3 shops: US CA MX)
[2026-09-02 08:04:19] priced giftcard (3 shops: ZA IL RU)
[2026-09-02 08:04:21] priced giftcard (5 shops: AR BR CL CO PE)
[2026-09-02 08:04:22] priced giftcard (1 shops: JP)
[2026-09-02 08:04:22] Donkey Kong Country Returns HD -> 45.72 EUR in NZ
[2026-09-02 08:04:22] Minecraft -> 20.31 EUR in NZ
[2026-09-02 08:04:22] Animal Crossing: New Horizons -> 45.72 EUR in NZ
[2026-09-02 08:04:22] no new lows - staying quiet
[2026-09-04 02:03:00] checking 3 game(s)
[2026-09-04 02:03:18] priced paypal (32 shops: NL BE DE FR ES IT PT AT IE FI GR LU SK SI EE LV LT MT CY HR BG RO HU PL CZ SE DK NO GB CH AU NZ)
[2026-09-04 02:03:20] priced paypal_new (3 shops: US CA MX)
[2026-09-04 02:03:21] priced giftcard (3 shops: ZA IL RU)
[2026-09-04 02:03:24] priced giftcard (5 shops: AR BR CL CO PE)
[2026-09-04 02:03:24] priced giftcard (1 shops: JP)
[2026-09-04 02:03:24] Donkey Kong Country Returns HD -> 45.48 EUR in NZ (NEW LOW)
[2026-09-04 02:03:24] Minecraft -> 20.20 EUR in NZ (NEW LOW)
[2026-09-04 02:03:24] Animal Crossing: New Horizons -> 45.48 EUR in NZ (NEW LOW)
[2026-09-04 02:03:24] MAIL SKIPPED: osascript not available on this host
[2026-09-05 02:02:49] checking 3 game(s)
[2026-09-05 02:03:07] priced paypal (32 shops: NL BE DE FR ES IT PT AT IE FI GR LU SK SI EE LV LT MT CY HR BG RO HU PL CZ SE DK NO GB CH AU NZ)
[2026-09-05 02:03:08] priced paypal_new (3 shops: US CA MX)
[2026-09-05 02:03:09] priced giftcard (3 shops: ZA IL RU)
[2026-09-05 02:03:12] priced giftcard (5 shops: AR BR CL CO PE)
[2026-09-05 02:03:12] priced giftcard (1 shops: JP)
[2026-09-05 02:03:12] Donkey Kong Country Returns HD -> 45.53 EUR in NZ
[2026-09-05 02:03:12] Minecraft -> 20.22 EUR in NZ
[2026-09-05 02:03:12] Animal Crossing: New Horizons -> 45.53 EUR in NZ
[2026-09-05 02:03:12] no new lows - staying quiet
